// Jest Snapshot v1, https://goo.gl/fbAQLP

exports[`Mat3 toString prints its value 1`] = `
"[
 1, 2, 3
 4, 5, 6
 7, 8, 9
]"
`;
