// Jest Snapshot v1, https://goo.gl/fbAQLP

exports[`Mat4 toString prints its value 1`] = `
"[
 1, 2, 3, 4
 5, 6, 7, 8
 9, 10, 11, 12
 13, 14, 15, 16
]"
`;
